#
# There is insufficient memory for the Java Runtime Environment to continue.
# Native memory allocation (mmap) failed to map 197132288 bytes. Error detail: G1 virtual space
# Possible reasons:
#   The system is out of physical RAM or swap space
#   This process is running with CompressedOops enabled, and the Java Heap may be blocking the growth of the native heap
# Possible solutions:
#   Reduce memory load on the system
#   Increase physical memory or swap space
#   Check if swap backing store is full
#   Decrease Java heap size (-Xmx/-Xms)
#   Decrease number of Java threads
#   Decrease Java thread stack sizes (-Xss)
#   Set larger code cache with -XX:ReservedCodeCacheSize=
#   JVM is running with Zero Based Compressed Oops mode in which the Java heap is
#     placed in the first 32GB address space. The Java Heap base address is the
#     maximum limit for the native heap growth. Please use -XX:HeapBaseMinAddress
#     to set the Java Heap base and to place the Java Heap above 32GB virtual address.
# This output file may be truncated or incomplete.
#
#  Out of Memory Error (os_windows.cpp:3766), pid=24872, tid=17496
#
# JRE version:  (25.0.3+9) (build )
# Java VM: OpenJDK 64-Bit Server VM (25.0.3+9-b508.16, mixed mode, sharing, tiered, compressed oops, compressed class ptrs, g1 gc, windows-amd64)
# No core dump will be written. Minidumps are not enabled by default on client versions of Windows
#

---------------  S U M M A R Y ------------

Command Line: git4idea.http.GitAskPassApp Username for 'https://github.com': 

Host: Intel(R) Core(TM) i3-1005G1 CPU @ 1.20GHz, 4 cores, 11G,  Windows 11 , 64 bit Build 26100 (10.0.26100.8875)
Time: Tue Jul 21 15:53:32 2026 Greenwich Standard Time elapsed time: 0.021236 seconds (0d 0h 0m 0s)

---------------  T H R E A D  ---------------

Current thread (0x000001cf331e30a0):  JavaThread "Unknown thread" [_thread_in_vm, id=17496, stack(0x0000007991600000,0x0000007991700000) (1024K)]

Stack: [0x0000007991600000,0x0000007991700000]
Native frames: (J=compiled Java code, j=interpreted, Vv=VM code, C=native code)
V  [jvm.dll+0x7c2949]  (no source info available)
V  [jvm.dll+0x78c01d]  (no source info available)
V  [jvm.dll+0xa105b3]  (no source info available)
V  [jvm.dll+0xa12dac]  (no source info available)
V  [jvm.dll+0xa134a3]  (no source info available)
V  [jvm.dll+0x308106]  (no source info available)
V  [jvm.dll+0x7beb55]  (no source info available)
V  [jvm.dll+0x7b1ae7]  (no source info available)
V  [jvm.dll+0x40224e]  (no source info available)
V  [jvm.dll+0x40a06b]  (no source info available)
V  [jvm.dll+0x3f68a9]  (no source info available)
V  [jvm.dll+0x3f6b5b]  (no source info available)
V  [jvm.dll+0x3ccb73]  (no source info available)
V  [jvm.dll+0x3cd7de]  (no source info available)
V  [jvm.dll+0x9d6907]  (no source info available)
V  [jvm.dll+0x467992]  (no source info available)
V  [jvm.dll+0x9ba039]  (no source info available)
V  [jvm.dll+0x509dd1]  (no source info available)
V  [jvm.dll+0x50b741]  (no source info available)
C  [jli.dll+0x5422]  (no source info available)
C  [ucrtbase.dll+0x2cd30]  (no source info available)
C  [KERNEL32.DLL+0x2e957]  (no source info available)
C  [ntdll.dll+0xaad6c]  (no source info available)

Lock stack of current Java thread (top to bottom):


---------------  P R O C E S S  ---------------

Threads class SMR info:
_java_thread_list=0x00007ffd764fc108, length=0, elements={
}

Java Threads: ( => current thread )
Total: 0

Other Threads:
  0x000001cf354ea2f0 WorkerThread "GC Thread#0"                     [id=28020, stack(0x0000007991700000,0x0000007991800000) (1024K)]
  0x000001cf354fdb50 ConcurrentGCThread "G1 Main Marker"            [id=29904, stack(0x0000007991800000,0x0000007991900000) (1024K)]
  0x000001cf354fe6f0 WorkerThread "G1 Conc#0"                       [id=31852, stack(0x0000007991900000,0x0000007991a00000) (1024K)]

[error occurred during error reporting (printing all threads), id 0xc0000005, EXCEPTION_ACCESS_VIOLATION (0xc0000005) at pc=0x00007ffd75b1194a]
VM state: not at safepoint (not fully initialized)

VM Mutex/Monitor currently owned by a thread:  ([mutex/lock_event])
[0x00007ffd76584fb0] Heap_lock - owner thread: 0x000001cf331e30a0

Heap address: 0x0000000744e00000, size: 2994 MB, Compressed Oops mode: Zero based, Oop shift amount: 3

CDS archive(s) mapped at: [0x0000000000000000-0x0000000000000000-0x0000000000000000), size 0, SharedBaseAddress: 0x0000000800000000, ArchiveRelocationMode: 1.
UseCompressedClassPointers 1, UseCompactObjectHeaders 0
Narrow klass pointer bits 32, Max shift 3
Narrow klass base: 0xffffffffffffffff, Narrow klass shift: -1
Encoding Range: [0xffffffffffffffff - 0x000000007fffffff), (2147483648 bytes)
Klass Range:    [0x0000000000000000 - 0x0000000000000000), (0 bytes)
Klass ID Range:  [4294967295 - 0) (1)
No protection zone.

GC Precious Log:
 CardTable entry size: 512
 Card Set container configuration: InlinePtr #cards 4 size 8 Array Of Cards #cards 16 size 48 Howl #buckets 8 coarsen threshold 3686 Howl Bitmap #cards 512 size 80 coarsen threshold 460 Card regions per heap region 1 cards per card region 4096

Heap:
 garbage-first heap   total reserved 3065856K, committed 0K, used 0K [0x0000000744e00000, 0x0000000800000000)
  region size 2048K, 0 young (0K), 0 survivors (0K)

Heap Regions: E=young(eden), S=young(survivor), O=old, HS=humongous(starts), HC=humongous(continues), CS=collection set, F=free, TAMS=top-at-mark-start, PB=parsable bottom

Card table byte_map: [0x000001cf485f0000,0x000001cf48bd0000] _byte_map_base: 0x000001cf44bc9000

Marking Bits: (CMBitMap*) 0x000001cf354eaa80
 Bits: [0x000001cf48bd0000, 0x000001cf4ba98000)

GC Heap Usage History (0 events):
No events

Metaspace Usage History (0 events):
No events

Dll operation events (1 events):
Event: 0.014 Loaded shared library C:\Users\HP 2022 edition\AppData\Local\Programs\IntelliJ IDEA Ultimate\jbr\bin\java.dll

Deoptimization events (0 events):
No events

Classes loaded (0 events):
No events

Classes unloaded (0 events):
No events

Classes redefined (0 events):
No events

Internal exceptions (0 events):
No events

VM Operations (0 events):
No events

Memory protections (0 events):
No events

Nmethod flushes (0 events):
No events

Events (0 events):
No events


Dynamic libraries:
0x00007ff6a0890000 - 0x00007ff6a089a000 	C:\Users\HP 2022 edition\AppData\Local\Programs\IntelliJ IDEA Ultimate\jbr\bin\java.exe
0x00007ffe247e0000 - 0x00007ffe24a46000 	C:\WINDOWS\SYSTEM32\ntdll.dll
0x00007ffe23600000 - 0x00007ffe236c9000 	C:\WINDOWS\System32\KERNEL32.DLL
0x00007ffe220d0000 - 0x00007ffe224ce000 	C:\WINDOWS\System32\KERNELBASE.dll
0x00007ffe21eb0000 - 0x00007ffe21ffc000 	C:\WINDOWS\System32\ucrtbase.dll
0x00007ffe16bf0000 - 0x00007ffe16c0e000 	C:\Users\HP 2022 edition\AppData\Local\Programs\IntelliJ IDEA Ultimate\jbr\bin\VCRUNTIME140.dll
0x00007ffd89e30000 - 0x00007ffd89e47000 	C:\Users\HP 2022 edition\AppData\Local\Programs\IntelliJ IDEA Ultimate\jbr\bin\jli.dll
0x00007ffe23090000 - 0x00007ffe23257000 	C:\WINDOWS\System32\USER32.dll
0x00007ffe050a0000 - 0x00007ffe05332000 	C:\WINDOWS\WinSxS\amd64_microsoft.windows.common-controls_6595b64144ccf1df_6.0.26100.8875_none_3e0d5d42e32fe9dd\COMCTL32.dll
0x00007ffe224e0000 - 0x00007ffe22507000 	C:\WINDOWS\System32\win32u.dll
0x00007ffe24370000 - 0x00007ffe24419000 	C:\WINDOWS\System32\msvcrt.dll
0x00007ffe23490000 - 0x00007ffe234bb000 	C:\WINDOWS\System32\GDI32.dll
0x00007ffe21d80000 - 0x00007ffe21eaa000 	C:\WINDOWS\System32\gdi32full.dll
0x00007ffe21a00000 - 0x00007ffe21aa3000 	C:\WINDOWS\System32\msvcp_win.dll
0x00007ffe23260000 - 0x00007ffe23292000 	C:\WINDOWS\System32\IMM32.DLL
0x00007ffe15ae0000 - 0x00007ffe15aec000 	C:\Users\HP 2022 edition\AppData\Local\Programs\IntelliJ IDEA Ultimate\jbr\bin\vcruntime140_1.dll
0x00007ffda5860000 - 0x00007ffda58e9000 	C:\Users\HP 2022 edition\AppData\Local\Programs\IntelliJ IDEA Ultimate\jbr\bin\msvcp140.dll
0x00007ffd75730000 - 0x00007ffd76685000 	C:\Users\HP 2022 edition\AppData\Local\Programs\IntelliJ IDEA Ultimate\jbr\bin\server\jvm.dll
0x00007ffe23540000 - 0x00007ffe235f7000 	C:\WINDOWS\System32\ADVAPI32.dll
0x00007ffe227c0000 - 0x00007ffe2286a000 	C:\WINDOWS\System32\sechost.dll
0x00007ffe22610000 - 0x00007ffe22728000 	C:\WINDOWS\System32\RPCRT4.dll
0x00007ffe236d0000 - 0x00007ffe23750000 	C:\WINDOWS\System32\WS2_32.dll
0x00007ffe21880000 - 0x00007ffe218de000 	C:\WINDOWS\SYSTEM32\POWRPROF.dll
0x00007ffe0b9a0000 - 0x00007ffe0b9d6000 	C:\WINDOWS\SYSTEM32\WINMM.dll
0x00007ffe14700000 - 0x00007ffe1470b000 	C:\WINDOWS\SYSTEM32\VERSION.dll
0x00007ffe21860000 - 0x00007ffe21874000 	C:\WINDOWS\SYSTEM32\UMPDC.dll
0x00007ffe206c0000 - 0x00007ffe206db000 	C:\WINDOWS\SYSTEM32\kernel.appcore.dll
0x00007ffe08c40000 - 0x00007ffe08c4a000 	C:\Users\HP 2022 edition\AppData\Local\Programs\IntelliJ IDEA Ultimate\jbr\bin\jimage.dll
0x00007ffe1ef90000 - 0x00007ffe1f1d2000 	C:\WINDOWS\SYSTEM32\DBGHELP.DLL
0x00007ffe23760000 - 0x00007ffe23ae3000 	C:\WINDOWS\System32\combase.dll
0x00007ffe240a0000 - 0x00007ffe24179000 	C:\WINDOWS\System32\OLEAUT32.dll
0x00007ffe03510000 - 0x00007ffe0354b000 	C:\WINDOWS\SYSTEM32\dbgcore.DLL
0x00007ffe22010000 - 0x00007ffe220bc000 	C:\WINDOWS\System32\bcryptPrimitives.dll
0x00007ffe05b70000 - 0x00007ffe05b8f000 	C:\Users\HP 2022 edition\AppData\Local\Programs\IntelliJ IDEA Ultimate\jbr\bin\java.dll
0x00007ffe24600000 - 0x00007ffe24799000 	C:\WINDOWS\System32\ole32.dll
0x00007ffe228f0000 - 0x00007ffe23082000 	C:\WINDOWS\System32\SHELL32.dll

JVMTI agents: none

dbghelp: loaded successfully - version: 4.0.5 - missing functions: none
symbol engine: initialized successfully - sym options: 0x614 - pdb path: .;C:\Users\HP 2022 edition\AppData\Local\Programs\IntelliJ IDEA Ultimate\jbr\bin;C:\WINDOWS\SYSTEM32;C:\WINDOWS\WinSxS\amd64_microsoft.windows.common-controls_6595b64144ccf1df_6.0.26100.8875_none_3e0d5d42e32fe9dd;C:\Users\HP 2022 edition\AppData\Local\Programs\IntelliJ IDEA Ultimate\jbr\bin\server

VM Arguments:
java_command: git4idea.http.GitAskPassApp Username for 'https://github.com': 
java_class_path (initial): C:/Users/HP 2022 edition/AppData/Local/Programs/IntelliJ IDEA Ultimate/plugins/vcs-git/lib/git4idea-rt.jar;C:/Users/HP 2022 edition/AppData/Local/Programs/IntelliJ IDEA Ultimate/lib/externalProcess-rt.jar
Launcher Type: SUN_STANDARD

[Global flags]
     intx CICompilerCount                          = 3                                         {product} {ergonomic}
     uint ConcGCThreads                            = 1                                         {product} {ergonomic}
     uint G1ConcRefinementThreads                  = 4                                         {product} {ergonomic}
   size_t G1HeapRegionSize                         = 2097152                                   {product} {ergonomic}
   size_t InitialHeapSize                          = 197132288                                 {product} {ergonomic}
   size_t MarkStackSize                            = 4194304                                   {product} {ergonomic}
   size_t MarkStackSizeMax                         = 536870912                                 {product} {ergonomic}
   size_t MaxHeapSize                              = 3139436544                                {product} {ergonomic}
   size_t MinHeapDeltaBytes                        = 2097152                                   {product} {ergonomic}
   size_t MinHeapSize                              = 8388608                                   {product} {ergonomic}
    uintx NonNMethodCodeHeapSize                   = 5898240                                {pd product} {ergonomic}
    uintx NonProfiledCodeHeapSize                  = 122945536                              {pd product} {ergonomic}
    uintx ProfiledCodeHeapSize                     = 122945536                              {pd product} {ergonomic}
    uintx ReservedCodeCacheSize                    = 251789312                              {pd product} {ergonomic}
     bool SegmentedCodeCache                       = true                                      {product} {ergonomic}
   size_t SoftMaxHeapSize                          = 3139436544                             {manageable} {ergonomic}
     bool UseCompressedOops                        = true                           {product lp64_product} {ergonomic}
     bool UseG1GC                                  = true                                      {product} {ergonomic}
     bool UseLargePagesIndividualAllocation        = false                                  {pd product} {ergonomic}

Logging:
Log output configuration:
 #0: stdout all=warning uptime,level,tags foldmultilines=false
 #1: stderr all=off uptime,level,tags foldmultilines=false

Release file:
<release file has not been read>
Environment Variables:
PATH=C:/Program Files/Git/mingw64/libexec/git-core;C:/Program Files/Git/mingw64/libexec/git-core;C:\Program Files\Git\mingw64\bin;C:\Program Files\Git\usr\bin;C:\Users\HP 2022 edition\bin;C:\Program Files\Eclipse Adoptium\jdk-17.0.19.10-hotspot\bin;C:\Python314\Scripts\;C:\Python314\;C:\Program Files\Microsoft MPI\Bin\;C:\Program Files\Common Files\Oracle\Java\javapath;C:\Program Files (x86)\Common Files\Oracle\Java\java8path;C:\Program Files (x86)\Common Files\Oracle\Java\javapath;C:\WINDOWS\system32;C:\WINDOWS;C:\WINDOWS\System32\Wbem;C:\WINDOWS\System32\WindowsPowerShell\v1.0\;C:\WINDOWS\System32\OpenSSH\;C:\Program Files (x86)\Microsoft SQL Server\170\Tools\Binn\;C:\Program Files\Microsoft SQL Server\170\Tools\Binn\;C:\Program Files\Microsoft SQL Server\Client SDK\ODBC\180\Tools\Binn\;C:\Program Files\Microsoft SQL Server\170\DTS\Binn\;C:\Program Files (x86)\Microsoft SQL Server\170\DTS\Binn\;C:\Program Files\nodejs\;C:\ProgramData\chocolatey\bin;C:\Program Files\dotnet\;C:\Maven\apache-maven-3.9.16\bin;C:\Program Files\Maven\bin;C:\Program Files\Git\cmd;C:\Users\HP 2022 edition\AppData\Local\Programs\Python\Launcher\;C:\Users\HP 2022 edition\AppData\Local\Microsoft\WindowsApps;C:\Users\HP 2022 edition\AppData\Local\Programs\Microsoft VS Code\bin;C:\Users\HP 2022 edition\AppData\Local\JetBrains\Toolbox\scripts;C:\msys64\ucrt64\bin;C:\Users\HP 2022 edition\AppData\Roaming\npm;C:\Users\HP 2022 edition\AppData\Local\GitHubDesktop\bin;C:\Users\HP 2022 edition\.dotnet\tools;C:\Program Files\Maven\apache-maven-3.9.16;C:\Users\HP 2022 edition\AppData\Local\Kingsoft\WPS Office\12.1.0.27458\clitool
USERNAME=HP 2022 edition
DISPLAY=:0.0
LC_ALL=en_US.UTF-8
TERM=xterm-256color
TMPDIR=C:\Users\HP2022~1\AppData\Local\Temp
OS=Windows_NT
PROCESSOR_IDENTIFIER=Intel64 Family 6 Model 126 Stepping 5, GenuineIntel
TMP=C:\Users\HP2022~1\AppData\Local\Temp
TEMP=C:\Users\HP2022~1\AppData\Local\Temp




Compilation memory statistics disabled.

Periodic native trim disabled

JNI global refs:
JNI global refs: 0, weak refs: 0

JNI global refs memory usage: 0, weak refs: 0

Process memory usage:
Resident Set Size: 15160K (0% of 12263340K total physical memory with 1449452K free physical memory)

OOME stack traces (most recent first):
Classloader memory used:

---------------  S Y S T E M  ---------------

OS:
 Windows 11 , 64 bit Build 26100 (10.0.26100.8875)
OS uptime: 1 days 20:55 hours
Hyper-V role detected

CPU: total 4 (initial active 4) (2 cores per cpu, 2 threads per core) family 6 model 126 stepping 5 microcode 0xbc, cx8, cmov, fxsr, ht, mmx, 3dnowpref, sse, sse2, sse3, ssse3, sse4.1, sse4.2, popcnt, lzcnt, tsc, tscinvbit, avx, avx2, aes, erms, clmul, bmi1, bmi2, adx, avx512f, avx512dq, avx512cd, avx512bw, avx512vl, sha, fma, vzeroupper, avx512_vpopcntdq, avx512_vpclmulqdq, avx512_vaes, avx512_vnni, clflush, clflushopt, avx512_vbmi2, avx512_vbmi, hv, rdtscp, rdpid, fsrm, gfni, avx512_bitalg, f16c, avx512_ifma
Processor Information for the first 4 processors :
  Max Mhz: 1201, Current Mhz: 1201, Mhz Limit: 1201

Memory: 4k page, system-wide physical 11975M (1415M free)
TotalPageFile size 24407M (AvailPageFile size 170M)
current process WorkingSet (physical memory assigned to process): 14M, peak: 14M
current process commit charge ("private bytes"): 52M, peak: 240M

vm_info: OpenJDK 64-Bit Server VM (25.0.3+9-b508.16) for windows-amd64 JRE (25.0.3+9-b508.16), built on 2026-06-22 with MS VC++ 17.14 (VS2022)

END.
